00:01.172  blend            | Read blend: "C:\Users\JAEWAN\projects\yuri-motion-previs-lab-r1\labs\yuri-performance-r1\local\model-handoff-r4\Character_Master_NeckSkin_R4.blend"
{"event": "READONLY_ADDON_ORIGIN_INVENTORY", "phase": "before", "status": "PASS_PINNED_INSTALLED_ORIGINS_ONLY", "preferences": ["bl_pkg", "cycles", "io_anim_bvh", "io_curve_svg", "io_mesh_uv_layout", "io_scene_fbx", "io_scene_gltf2", "pose_library"], "enabled": ["bl_pkg", "cycles", "io_anim_bvh", "io_curve_svg", "io_mesh_uv_layout", "io_scene_fbx", "io_scene_gltf2", "pose_library"]}
FINGERPRINT geometry/keys/weights/actions
FINGERPRINT hierarchy/rest/attributes
FINGERPRINT shaders/drivers/packed-textures
FINGERPRINT geometry/keys/weights/actions
FINGERPRINT hierarchy/rest/attributes
FINGERPRINT shaders/drivers/packed-textures
ORIGINAL_IDLE_FRAME 1
ORIGINAL_IDLE_FRAME 25
ORIGINAL_IDLE_FRAME 49
ORIGINAL_IDLE_FRAME 73
ORIGINAL_IDLE_FRAME 97
ORIGINAL_IDLE_FRAME 121
ORIGINAL_IDLE_FRAME 145
FINGERPRINT geometry/keys/weights/actions
FINGERPRINT hierarchy/rest/attributes
FINGERPRINT shaders/drivers/packed-textures
{"event": "READONLY_ADDON_ORIGIN_INVENTORY", "phase": "after", "status": "PASS_PINNED_INSTALLED_ORIGINS_ONLY", "preferences": ["bl_pkg", "cycles", "io_anim_bvh", "io_curve_svg", "io_mesh_uv_layout", "io_scene_fbx", "io_scene_gltf2", "pose_library"], "enabled": ["bl_pkg", "cycles", "io_anim_bvh", "io_curve_svg", "io_mesh_uv_layout", "io_scene_fbx", "io_scene_gltf2", "pose_library"]}
Traceback (most recent call last):
  File "C:\Users\JAEWAN\projects\yuri-motion-previs-lab-r1\labs\yuri-performance-r1\scripts\r4_original_idle_sample_r2.py", line 206, in <module>
    if __name__=='__main__':main()
                            ~~~~^^
  File "C:\Users\JAEWAN\projects\yuri-motion-previs-lab-r1\labs\yuri-performance-r1\scripts\r4_original_idle_sample_r2.py", line 192, in main
    assert not diff,diff
           ^^^^^^^^
AssertionError: {'objects': ['Character_Body_Head', 'Hair_Rig_R4', 'Meshy_Fitted_Rig'], 'mesh_attributes': ['tripo_mesh_1d697050.001']}

Error: script failed, file: 'C:\Users\JAEWAN\projects\yuri-motion-previs-lab-r1\labs\yuri-performance-r1\scripts\r4_original_idle_sample_r2.py', exiting.
Blender 5.2.1 LTS (hash 9e2066aef7ef built 2026-08-25 02:38:20)

Blender quit
