00:01.156  blend            | Read blend: "C:\Users\JAEWAN\projects\yuri-motion-previs-lab-r1\labs\yuri-performance-r1\local\model-handoff-r4\Character_Master_NeckSkin_R4.blend"
{"event": "READONLY_ADDON_ORIGIN_INVENTORY", "phase": "before", "status": "PASS_PINNED_INSTALLED_ORIGINS_ONLY", "preferences": ["bl_pkg", "cycles", "io_anim_bvh", "io_curve_svg", "io_mesh_uv_layout", "io_scene_fbx", "io_scene_gltf2", "pose_library"], "enabled": ["bl_pkg", "cycles", "io_anim_bvh", "io_curve_svg", "io_mesh_uv_layout", "io_scene_fbx", "io_scene_gltf2", "pose_library"]}
FINGERPRINT geometry/keys/weights/actions
FINGERPRINT hierarchy/rest/attributes
FINGERPRINT shaders/drivers/packed-textures
EXACT_LOCAL_STAGE_READ YRA_R4_Startle_Short 11 0
EXACT_LOCAL_STAGE_READ YRA_R4_Startle_Short 11 1
EXACT_LOCAL_STAGE_READ YRA_R4_Startle_Short 11 2
EXACT_LOCAL_STAGE_READ YRA_R4_Startle_Short 11 3
EXACT_LOCAL_STAGE_READ YRA_R4_Startle_Short 11 4
EXACT_LOCAL_STAGE_READ YRA_R4_Startle_Short 11 5
EXACT_LOCAL_STAGE_READ YRA_R4_Startle_Short 11 6
EXACT_LOCAL_STAGE_READ YRA_R4_Struggle_Strong_Loop 6 0
EXACT_LOCAL_STAGE_READ YRA_R4_Struggle_Strong_Loop 6 1
EXACT_LOCAL_STAGE_READ YRA_R4_Struggle_Strong_Loop 6 2
EXACT_LOCAL_STAGE_READ YRA_R4_Struggle_Strong_Loop 6 3
EXACT_LOCAL_STAGE_READ YRA_R4_Struggle_Strong_Loop 6 4
EXACT_LOCAL_STAGE_READ YRA_R4_Struggle_Strong_Loop 6 5
EXACT_LOCAL_STAGE_READ YRA_R4_Struggle_Strong_Loop 6 6
{"event": "READONLY_ADDON_ORIGIN_INVENTORY", "phase": "after", "status": "PASS_PINNED_INSTALLED_ORIGINS_ONLY", "preferences": ["bl_pkg", "cycles", "io_anim_bvh", "io_curve_svg", "io_mesh_uv_layout", "io_scene_fbx", "io_scene_gltf2", "pose_library"], "enabled": ["bl_pkg", "cycles", "io_anim_bvh", "io_curve_svg", "io_mesh_uv_layout", "io_scene_fbx", "io_scene_gltf2", "pose_library"]}
FINGERPRINT geometry/keys/weights/actions
FINGERPRINT hierarchy/rest/attributes
FINGERPRINT shaders/drivers/packed-textures
Blender 5.2.1 LTS (hash 9e2066aef7ef built 2026-08-25 02:38:20)

Blender quit
